Microchip Technology Inc, v1.31 (A)

Tool Name:
  /Applications/microchip/xc16/v1.31/bin/bin/../bin/elf-ld

Command:
  -p24HJ128GP202 \
  -o \
  dist/default/debug/HumidityController.X.debug.elf \
  -L/Applications/microchip/xc16/v1.31/bin/bin/.. \
  -L/Applications/microchip/xc16/v1.31/bin/bin/../../lib \
  -L/Applications/microchip/xc16/v1.31/bin/bin/../../support/PIC24E/gld \
  -L/Applications/microchip/xc16/v1.31/bin/bin/../../support/PIC24F/gld \
  -L/Applications/microchip/xc16/v1.31/bin/bin/../../support/PIC24H/gld \
  -L/Applications/microchip/xc16/v1.31/bin/bin/../../support/dsPIC30F/gld \
  -L/Applications/microchip/xc16/v1.31/bin/bin/../../support/dsPIC33E/gld \
  -L/Applications/microchip/xc16/v1.31/bin/bin/../../support/dsPIC33F/gld \
  build/default/debug/main.o \
  build/default/debug/pwm.o \
  build/default/debug/sht1x.o \
  build/default/debug/uart.o \
  build/default/debug/helper.o \
  build/default/debug/serial_interface.o \
  build/default/debug/data_logger.o \
  build/default/debug/humidity_controller.o \
  build/default/debug/fogger.o \
  -T/tmp/tmp00011484.00 \
  --defsym=__MPLAB_BUILD=1 \
  --defsym=__MPLAB_DEBUG=1 \
  --defsym=__DEBUG=1 \
  --defsym=__MPLAB_DEBUGGER_PICKIT2=1 \
  -Tp24HJ128GP202.gld.01 \
  --stack=16 \
  --check-sections \
  --data-init \
  --pack-data \
  --handles \
  --isr \
  --no-gc-sections \
  --fill-upper=0 \
  --stackguard=16 \
  --no-force-link \
  --smart-io \
  -Map=dist/default/debug/HumidityController.X.debug.map \
  --report-mem \
  --memorysummary \
  dist/default/debug/memoryfile.xml \
  -start-group \
  --library=lega-pic30-elf \
  --library=m-elf \
  --library=lega-c-elf \
  -end-group \


Optional library libp24HJ128GP202.a not found
Archive member included because of file (symbol)

/Applications/microchip/xc16/v1.31/bin/bin/../../lib/liblega-pic30-elf.a(crt0_standard.o)
                              (__resetPRI)
/Applications/microchip/xc16/v1.31/bin/bin/../../lib/liblega-pic30-elf.a(data_init_standard.o)
                              /Applications/microchip/xc16/v1.31/bin/bin/../../lib/liblega-pic30-elf.a(crt0_standard.o) (__data_init_standard)
/Applications/microchip/xc16/v1.31/bin/bin/../../lib/liblega-pic30-elf.a(crt_start_mode_normal.Leo)
                              (__crt_start_mode_normal)
/Applications/microchip/xc16/v1.31/bin/bin/../../lib/liblega-pic30-elf.a(delay32.Leo)
                              build/default/debug/main.o (___delay32)
/Applications/microchip/xc16/v1.31/bin/bin/../../lib/libm-elf.a(addsf3.eo)
                              build/default/debug/humidity_controller.o (___subsf3)
/Applications/microchip/xc16/v1.31/bin/bin/../../lib/libm-elf.a(divsf3.eo)
                              build/default/debug/humidity_controller.o (___divsf3)
/Applications/microchip/xc16/v1.31/bin/bin/../../lib/libm-elf.a(feqltle.eo)
                              build/default/debug/main.o (___ltsf2)
/Applications/microchip/xc16/v1.31/bin/bin/../../lib/libm-elf.a(fixsfsi.eo)
                              build/default/debug/humidity_controller.o (_(float, int, long long, short, float, short, int))
/Applications/microchip/xc16/v1.31/bin/bin/../../lib/libm-elf.a(floatsisf.eo)
                              build/default/debug/humidity_controller.o (___floatsisf)
/Applications/microchip/xc16/v1.31/bin/bin/../../lib/libm-elf.a(floatunsisf.eo)
                              build/default/debug/sht1x.o (___floatunsisf)
/Applications/microchip/xc16/v1.31/bin/bin/../../lib/libm-elf.a(fpack.eo)
                              /Applications/microchip/xc16/v1.31/bin/bin/../../lib/libm-elf.a(addsf3.eo) (__fpack)
/Applications/microchip/xc16/v1.31/bin/bin/../../lib/libm-elf.a(funpack.eo)
                              /Applications/microchip/xc16/v1.31/bin/bin/../../lib/libm-elf.a(fixsfsi.eo) (__funpack)
/Applications/microchip/xc16/v1.31/bin/bin/../../lib/libm-elf.a(funpack2.eo)
                              /Applications/microchip/xc16/v1.31/bin/bin/../../lib/libm-elf.a(addsf3.eo) (__funpack2)
/Applications/microchip/xc16/v1.31/bin/bin/../../lib/libm-elf.a(futil.eo)
                              /Applications/microchip/xc16/v1.31/bin/bin/../../lib/libm-elf.a(addsf3.eo) (__fPropagateNaN)
/Applications/microchip/xc16/v1.31/bin/bin/../../lib/libm-elf.a(mulsf3.eo)
                              build/default/debug/sht1x.o (___mulsf3)
/Applications/microchip/xc16/v1.31/bin/bin/../../lib/libm-elf.a(divmoddi3.eo)
                              build/default/debug/main.o (___udivdi3)
/Applications/microchip/xc16/v1.31/bin/bin/../../lib/libm-elf.a(muldi3.eo)
                              build/default/debug/main.o (___muldi3)
/Applications/microchip/xc16/v1.31/bin/bin/../../lib/libm-elf.a(fcompare.eo)
                              /Applications/microchip/xc16/v1.31/bin/bin/../../lib/libm-elf.a(feqltle.eo) (__fcompare)
/Applications/microchip/xc16/v1.31/bin/bin/../../lib/libm-elf.a(floatdisf.eo)
[...]
Memory Configuration

Name             Origin             Length             Attributes
data             0x000800           0x002000           a !xr
reset            0x000000           0x000004  
ivt              0x000004           0x0000fc  
_reserved        0x000100           0x000004  
aivt             0x000104           0x0000fc  
program          0x000200           0x015600           xr
FBS              0xf80000           0x000002  
FSS              0xf80002           0x000002  
FGS              0xf80004           0x000002  
FOSCSEL          0xf80006           0x000002  
FOSC             0xf80008           0x000002  
FWDT             0xf8000a           0x000002  
FPOR             0xf8000c           0x000002  
FICD             0xf8000e           0x000002  
FUID0            0xf80010           0x000002  
FUID1            0xf80012           0x000002  
FUID2            0xf80014           0x000002  
FUID3            0xf80016           0x000002  
*default*        0x000000           0xffffffff  

Linker script and memory map

LOAD build/default/debug/main.o
LOAD build/default/debug/pwm.o
LOAD build/default/debug/sht1x.o
LOAD build/default/debug/uart.o
LOAD build/default/debug/helper.o
LOAD build/default/debug/serial_interface.o
LOAD build/default/debug/data_logger.o
LOAD build/default/debug/humidity_controller.o
LOAD build/default/debug/fogger.o

reserve_data_0x800
                    0x0800         0x23
                    0x0823                  . = 0x23
 *fill*             0x0800         0x2300
                    0x0001                  __MPLAB_BUILD = 0x1
                    0x0001                  __MPLAB_DEBUG = 0x1
                    0x0001                  __DEBUG = 0x1
                    0x0001                  __MPLAB_DEBUGGER_PICKIT2 = 0x1
LOAD p24HJ128GP202
LOAD /Applications/microchip/xc16/v1.31/bin/bin/../../lib/libfx-elf.a
                    0xf80000                  __FBS = 0xf80000
                    0xf80002                  __FSS = 0xf80002
                    0xf80004                  __FGS = 0xf80004
                    0xf80006                  __FOSCSEL = 0xf80006
                    0xf80008                  __FOSC = 0xf80008
                    0xf8000a                  __FWDT = 0xf8000a
                    0xf8000c                  __FPOR = 0xf8000c
                    0xf8000e                  __FICD = 0xf8000e
                    0xf80010                  __FUID0 = 0xf80010
                    0xf80012                  __FUID1 = 0xf80012
                    0xf80014                  __FUID2 = 0xf80014
                    0xf80016                  __FUID3 = 0xf80016
                    0x0200                  __CODE_BASE = 0x200
                    0x15600                  __CODE_LENGTH = 0x15600
                    0x0004                  __IVT_BASE = 0x4
                    0x0104                  __AIVT_BASE = 0x104
                    0x0800                  __DATA_BASE = 0x800
                    0x2000                  __DATA_LENGTH = 0x2000
                    0x2000                  __DMA_BASE = 0x2000
                    0x27ff                  __DMA_END = 0x27ff

.reset            0x000000          0x4
                  0x000000          0x2 SHORT 0x200 ABSOLUTE (__reset)
                  0x000001          0x2 SHORT 0x4
                  0x000002          0x2 SHORT 0x0 ((ABSOLUTE (__reset) >> 0x10) & 0x7f)
                  0x000003          0x2 SHORT 0x0

.text             0x000200       0x19de
 *(.init)
 .init            0x000200         0x4c /Applications/microchip/xc16/v1.31/bin/bin/../../lib/liblega-pic30-elf.a(crt0_standard.o)
                  0x000200                  __reset
                  0x000200                  __resetPRI
                  0x00023c                  __psv_init
 .init            0x00024c         0x7c /Applications/microchip/xc16/v1.31/bin/bin/../../lib/liblega-pic30-elf.a(data_init_standard.o)
                  0x000252                  __data_init
                  0x000252                  __data_init_standard
 *(.user_init)
 *(.handle)
 .handle          0x0002c8          0xc jump_table
 *(.isr*)
 .isr.text        0x0002d4         0x68 build/default/debug/pwm.o
                  0x0002d4                  __T2Interrupt
                  0x0002e4                  _configure_pwm
                  0x000320                  _start_pwm
                  0x000328                  _stop_pwm
                  0x000330                  _set_pwm_setpoint
 .isr.text        0x00033c        0x1c2 build/default/debug/uart.o
                  0x00033c                  __U1TXInterrupt
                  0x00038a                  __U1RXInterrupt
                  0x0003e4                  __U1ErrInterrupt
                  0x0003ec                  _configure_uart
                  0x00046e                  _transmit_buffer
                  0x0004a2                  _transmit_string
                  0x0004b8                  _register_serial_listener
                  0x0004c4                  _register_transmit_callback
                  0x0004d0                  _set_receive_length
                  0x0004f2                  _set_should_echo
 .isr             0x0004fe          0x4 default_isr
                  0x0004fe                  __DefaultInterrupt
 *(.libc)
 *(.libm)
 *(.libdsp)
 *(.lib*)
 .libpic30_crt_start_mode
                  0x000502          0x2 /Applications/microchip/xc16/v1.31/bin/bin/../../lib/liblega-pic30-elf.a(crt_start_mode_normal.Leo)
                  0x000502                  __crt_start_mode_normal
                  0x000502                  __crt_start_mode
 .libm.subsf3     0x000504         0xbc /Applications/microchip/xc16/v1.31/bin/bin/../../lib/libm-elf.a(addsf3.eo)
                  0x000504                  ___subsf3
                  0x000506                  ___addsf3
 .libm.divfs3     0x0005c0         0x84 /Applications/microchip/xc16/v1.31/bin/bin/../../lib/libm-elf.a(divsf3.eo)
                  0x0005c0                  ___divsf3
 .libm.eqsf2      0x000644          0x4 /Applications/microchip/xc16/v1.31/bin/bin/../../lib/libm-elf.a(feqltle.eo)
                  0x000644                  ___lesf2
                  0x000644                  ___eqsf2
                  0x000644                  ___ltsf2
 .libm.fixsfsi    0x000648         0x42 /Applications/microchip/xc16/v1.31/bin/bin/../../lib/libm-elf.a(fixsfsi.eo)
                  0x000648                  _(float, int, long long, short, float, short, int)
 .libm.floatsisf
                  0x00068a          0x6 /Applications/microchip/xc16/v1.31/bin/bin/../../lib/libm-elf.a(floatsisf.eo)
                  0x00068a                  ___floatsisf
 .libm.floatunsisf
                  0x000690          0x4 /Applications/microchip/xc16/v1.31/bin/bin/../../lib/libm-elf.a(floatunsisf.eo)
                  0x000690                  ___floatunsisf
 .libm.fpack      0x000694         0x4c /Applications/microchip/xc16/v1.31/bin/bin/../../lib/libm-elf.a(fpack.eo)
                  0x000694                  __fpack
 .libm.funpack    0x0006e0         0x2a /Applications/microchip/xc16/v1.31/bin/bin/../../lib/libm-elf.a(funpack.eo)
                  0x0006e0                  __funpack
 .libm.funpack2
                  0x00070a         0x10 /Applications/microchip/xc16/v1.31/bin/bin/../../lib/libm-elf.a(funpack2.eo)
                  0x00070a                  __funpack2
 .libm.fPropagateNaN
                  0x00071a         0x12 /Applications/microchip/xc16/v1.31/bin/bin/../../lib/libm-elf.a(futil.eo)
                  0x00071a                  __fPropagateNaN
 .libm.fbobExit
                  0x00072c          0x8 /Applications/microchip/xc16/v1.31/bin/bin/../../lib/libm-elf.a(futil.eo)
                  0x00072c                  __fbopExit
 .libm.fbopReturnNaN
                  0x000734          0x6 /Applications/microchip/xc16/v1.31/bin/bin/../../lib/libm-elf.a(futil.eo)
                  0x000734                  __fbopReturnNaN
 .libm.mulsf3     0x00073a         0x68 /Applications/microchip/xc16/v1.31/bin/bin/../../lib/libm-elf.a(mulsf3.eo)
                  0x00073a                  ___mulsf3
 .libm.__PplusBdi
                  0x0007a2         0x26 /Applications/microchip/xc16/v1.31/bin/bin/../../lib/libm-elf.a(divmoddi3.eo)
 .libm.__PminusBdi
                  0x0007c8         0x26 /Applications/microchip/xc16/v1.31/bin/bin/../../lib/libm-elf.a(divmoddi3.eo)
 .libm.__udivmoddi3
                  0x0007ee         0xe6 /Applications/microchip/xc16/v1.31/bin/bin/../../lib/libm-elf.a(divmoddi3.eo)
                  0x0007ee                  ___udivmoddi3
 .libm.__udivdi3
                  0x0008d4          0xe /Applications/microchip/xc16/v1.31/bin/bin/../../lib/libm-elf.a(divmoddi3.eo)
                  0x0008d4                  ___udivdi3
 .libm.__umoddi3
                  0x0008e2          0x8 /Applications/microchip/xc16/v1.31/bin/bin/../../lib/libm-elf.a(divmoddi3.eo)
                  0x0008e2                  ___umoddi3
 .libm.__divdi3
                  0x0008ea         0x60 /Applications/microchip/xc16/v1.31/bin/bin/../../lib/libm-elf.a(divmoddi3.eo)
                  0x0008ea                  ___divdi3
 .libm.__moddi3
                  0x00094a         0x5c /Applications/microchip/xc16/v1.31/bin/bin/../../lib/libm-elf.a(divmoddi3.eo)
                  0x00094a                  ___moddi3
 .libm.__muldi3
                  0x0009a6         0x52 /Applications/microchip/xc16/v1.31/bin/bin/../../lib/libm-elf.a(muldi3.eo)
                  0x0009a6                  ___muldi3
 .libm.fcompare
                  0x0009f8         0x36 /Applications/microchip/xc16/v1.31/bin/bin/../../lib/libm-elf.a(fcompare.eo)
                  0x0009f8                  __fcompare
 .libm.floatdisf
                  0x000a2e         0x20 /Applications/microchip/xc16/v1.31/bin/bin/../../lib/libm-elf.a(floatdisf.eo)
                  0x000a2e                  ___floatdisf
 .libm.floatundisf
                  0x000a4e         0x5e /Applications/microchip/xc16/v1.31/bin/bin/../../lib/libm-elf.a(floatundisf.eo)
                  0x000a4e                  ___floatundisf
 .libm.umuldi3    0x000aac         0x44 /Applications/microchip/xc16/v1.31/bin/bin/../../lib/libm-elf.a(umuldi3.eo)
                  0x000aac                  ___umuldi3
 .libc.memcpy     0x000af0          0xe /Applications/microchip/xc16/v1.31/bin/bin/../../lib/liblega-c-elf.a(memcpy.XX_eo)
                  0x000af0                  _memcpy
 .libc.memset     0x000afe          0xe /Applications/microchip/xc16/v1.31/bin/bin/../../lib/liblega-c-elf.a(memset.XX_eo)
                  0x000afe                  _memset
 .libc.strlen     0x000b0c          0xc /Applications/microchip/xc16/v1.31/bin/bin/../../lib/liblega-c-elf.a(strlen.XX_eo)
                  0x000b0c                  _strlen
 .libc.strtol     0x000b18         0x92 /Applications/microchip/xc16/v1.31/bin/bin/../../lib/liblega-c-elf.a(strtol.XX_eo)
                  0x000b18                  _strtol
 .libc._Stoul     0x000baa        0x134 /Applications/microchip/xc16/v1.31/bin/bin/../../lib/liblega-c-elf.a(xstoul.XX_eo)
                  0x000baa                  __Stoul
 .libc.isspace    0x000cde         0x10 /Applications/microchip/xc16/v1.31/bin/bin/../../lib/liblega-c-elf.a(isspace.XX_elso)
                  0x000cde                  _isspace
 .libc.tolower    0x000cee          0xe /Applications/microchip/xc16/v1.31/bin/bin/../../lib/liblega-c-elf.a(tolower.XX_elso)
                  0x000cee                  _tolower
 .libc._Geterrno
                  0x000cfc          0xc /Applications/microchip/xc16/v1.31/bin/bin/../../lib/liblega-c-elf.a(errno.XX_elo)
                  0x000cfc                  __Geterrno
 .libc.prout      0x000d08          0xe /Applications/microchip/xc16/v1.31/bin/bin/../../lib/liblega-c-elf.a(sprintf_fF.XXeo)
                  0x000d08                  sprintf_fF.XXeo:_prout
 .libc._sprintf_fF
                  0x000d16         0x1e /Applications/microchip/xc16/v1.31/bin/bin/../../lib/liblega-c-elf.a(sprintf_fF.XXeo)
                  0x000d16                  __sprintf_fF
 .libc.__Printf_fF
                  0x000d34        0x164 /Applications/microchip/xc16/v1.31/bin/bin/../../lib/liblega-c-elf.a(xprintf_fF.XXeo)
                  0x000d34                  ___Printf_fF
 .libc.__Putfld_fF
                  0x000e98         0xa4 /Applications/microchip/xc16/v1.31/bin/bin/../../lib/liblega-c-elf.a(xputfld_fF.XXeo)
                  0x000e98                  ___Putfld_fF
 .libc.__Ldtob_fF
                  0x000f3c        0x250 /Applications/microchip/xc16/v1.31/bin/bin/../../lib/liblega-c-elf.a(xldtob_fF.XXeo)
                  0x000f3c                  ___Ldtob_fF
 .libc.__Genld_fF
                  0x00118c        0x208 /Applications/microchip/xc16/v1.31/bin/bin/../../lib/liblega-c-elf.a(xgenld_fF.XXeo)
                  0x00118c                  ___Genld_fF
 .libc.div        0x001394         0x16 /Applications/microchip/xc16/v1.31/bin/bin/../../lib/liblega-c-elf.a(div.XX_eo)
                  0x001394                  _div
 .libc.ldiv       0x0013aa         0x2a /Applications/microchip/xc16/v1.31/bin/bin/../../lib/liblega-c-elf.a(ldiv.XX_eo)
                  0x0013aa                  _ldiv
 .libc.memchr     0x0013d4         0x14 /Applications/microchip/xc16/v1.31/bin/bin/../../lib/liblega-c-elf.a(memchr.XX_eo)
                  0x0013d4                  _memchr
 .libc.strchr     0x0013e8         0x18 /Applications/microchip/xc16/v1.31/bin/bin/../../lib/liblega-c-elf.a(strchr.XX_eo)
                  0x0013e8                  _strchr
 .libc._LDunscale
                  0x001400         0x54 /Applications/microchip/xc16/v1.31/bin/bin/../../lib/liblega-c-elf.a(xldunsca.XX_eo)
                  0x001400                  __LDunscale
 .libc._Puttxt    0x001454        0x178 /Applications/microchip/xc16/v1.31/bin/bin/../../lib/liblega-c-elf.a(xputtxt.XX_eo)
                  0x001454                  __Puttxt
 .libc._Vacopy    0x0015cc          0x4 /Applications/microchip/xc16/v1.31/bin/bin/../../lib/liblega-c-elf.a(xvacopy.XX_eo)
                  0x0015cc                  __Vacopy
 .libc._Dnorm     0x0015d0         0x98 /Applications/microchip/xc16/v1.31/bin/bin/../../lib/liblega-c-elf.a(xdnorm.XX_elo)
                  0x0015d0                  __Dnorm
 .libm.eqdf2      0x001668          0xa /Applications/microchip/xc16/v1.31/bin/bin/../../lib/libm-elf.a(deqltle.eo)
                  0x001668                  ___ledf2
                  0x001668                  ___eqdf2
                  0x001668                  ___ltdf2
 .libm.gtdf2      0x001672          0xa /Applications/microchip/xc16/v1.31/bin/bin/../../lib/libm-elf.a(dgtge.eo)
                  0x001672                  ___gedf2
                  0x001672                  ___gtdf2
 .libm.divdf3     0x00167c         0xb4 /Applications/microchip/xc16/v1.31/bin/bin/../../lib/libm-elf.a(divdf3.eo)
                  0x00167c                  ___divdf3
 .libm.divsi3     0x001730         0x1e /Applications/microchip/xc16/v1.31/bin/bin/../../lib/libm-elf.a(divsi3.eo)
                  0x001730                  ___divsi3
 .libm.dpack      0x00174e         0x58 /Applications/microchip/xc16/v1.31/bin/bin/../../lib/libm-elf.a(dpack.eo)
                  0x00174e                  __dpack
 .libm.dunpack2
                  0x0017a6         0x32 /Applications/microchip/xc16/v1.31/bin/bin/../../lib/libm-elf.a(dunpack2.eo)
                  0x0017a6                  __dunpack2
                  0x0017c8                  __dreturnNaN
                  0x0017ce                  __dunpack2exit
 .libm.extendsfdf2
                  0x0017d8         0x3e /Applications/microchip/xc16/v1.31/bin/bin/../../lib/libm-elf.a(extendsfdf.eo)
                  0x0017d8                  ___extendsfdf2
 .libm.fixdfsi    0x001816         0x58 /Applications/microchip/xc16/v1.31/bin/bin/../../lib/libm-elf.a(fixdfsi.eo)
                  0x001816                  _(float, int, long long, double, float, short, int)
 .libm.floatsidf
                  0x00186e          0x6 /Applications/microchip/xc16/v1.31/bin/bin/../../lib/libm-elf.a(floatsidf.eo)
                  0x00186e                  ___floatsidf
 .libm.muldf3     0x001874         0xea /Applications/microchip/xc16/v1.31/bin/bin/../../lib/libm-elf.a(muldf3.eo)
                  0x001874                  ___muldf3
 .libm.subdf3     0x00195e          0x4 /Applications/microchip/xc16/v1.31/bin/bin/../../lib/libm-elf.a(subdf3.eo)
                  0x00195e                  ___subdf3
 .libm.udivsi3    0x001962         0x20 /Applications/microchip/xc16/v1.31/bin/bin/../../lib/libm-elf.a(udivsi3.eo)
                  0x001962                  ___udivsi3
 .libm.mulsi3     0x001982          0xc /Applications/microchip/xc16/v1.31/bin/bin/../../lib/libm-elf.a(mulsi3.eo)
                  0x001982                  ___mulp32eds3
                  0x001982                  ___mulp32peds3
                  0x001982                  ___mulsi3
 .libm.adddf3     0x00198e         0xfa /Applications/microchip/xc16/v1.31/bin/bin/../../lib/libm-elf.a(adddf3.eo)
                  0x00198e                  ___adddf3
 .libm.dcompare
                  0x001a88         0x52 /Applications/microchip/xc16/v1.31/bin/bin/../../lib/libm-elf.a(dcompare.eo)
                  0x001a88                  __dcompare
 .libm.dPropagateNaN
                  0x001ada         0x1c /Applications/microchip/xc16/v1.31/bin/bin/../../lib/libm-elf.a(dpropagateNaN.eo)
                  0x001ada                  __dPropagateNaN
 .libm.dtype      0x001af6         0x24 /Applications/microchip/xc16/v1.31/bin/bin/../../lib/libm-elf.a(dtype.eo)
                  0x001af6                  __dtype
 .libm.dunpack    0x001b1a         0x4e /Applications/microchip/xc16/v1.31/bin/bin/../../lib/libm-elf.a(dunpack.eo)
                  0x001b1a                  __dunpack
 .libm.floatdidf
                  0x001b68         0x20 /Applications/microchip/xc16/v1.31/bin/bin/../../lib/libm-elf.a(floatdidf.eo)
                  0x001b68                  ___floatdidf
 .libm.floatundidf
                  0x001b88         0x56 /Applications/microchip/xc16/v1.31/bin/bin/../../lib/libm-elf.a(floatundidf.eo)
                  0x001b88                  ___floatundidf

usercode
 *(usercode)

__FBS             0xf80000          0x2
 *(__FBS.sec*)
 __FBS.sec        0xf80000          0x2 FBS
                  0xf80000                  __FBS.sec

__FSS
 *(__FSS.sec*)

__FGS             0xf80004          0x2
 *(__FGS.sec*)
 __FGS.sec        0xf80004          0x2 FGS
                  0xf80004                  __FGS.sec

__FOSCSEL
 *(__FOSCSEL.sec*)

__FOSC
 *(__FOSC.sec*)

__FWDT
 *(__FWDT.sec*)

__FPOR
 *(__FPOR.sec*)

__FICD
 *(__FICD.sec*)

__FUID0
 *(__FUID0.sec*)

__FUID1
 *(__FUID1.sec*)

__FUID2
 *(__FUID2.sec*)

__FUID3
 *(__FUID3.sec*)

.comment
 *(.comment)

.debug_info       0x000000       0x3bb6
 *(.debug_info)
 .debug_info      0x000000        0x1be build/default/debug/main.o
 .debug_info      0x0001be        0x9d3 build/default/debug/pwm.o
 .debug_info      0x000b91        0x8f0 build/default/debug/sht1x.o
 .debug_info      0x001481       0x1599 build/default/debug/uart.o
 .debug_info      0x002a1a         0xd3 build/default/debug/helper.o
 .debug_info      0x002aed        0x4c3 build/default/debug/serial_interface.o
 .debug_info      0x002fb0        0x2d5 build/default/debug/data_logger.o
 .debug_info      0x003285        0x452 build/default/debug/humidity_controller.o
 .debug_info      0x0036d7        0x4df build/default/debug/fogger.o
 *(.gnu.linkonce.wi.*)

.debug_abbrev     0x000000        0x83e
 *(.debug_abbrev)
 .debug_abbrev    0x000000         0x50 build/default/debug/main.o
 .debug_abbrev    0x000050        0x144 build/default/debug/pwm.o
 .debug_abbrev    0x000194        0x12f build/default/debug/sht1x.o
 .debug_abbrev    0x0002c3        0x1b7 build/default/debug/uart.o
 .debug_abbrev    0x00047a         0x32 build/default/debug/helper.o
 .debug_abbrev    0x0004ac        0x11a build/default/debug/serial_interface.o
 .debug_abbrev    0x0005c6         0xc2 build/default/debug/data_logger.o
 .debug_abbrev    0x000688        0x12a build/default/debug/humidity_controller.o
 .debug_abbrev    0x0007b2         0x8c build/default/debug/fogger.o

.debug_line       0x000000        0x53e
 *(.debug_line)
 .debug_line      0x000000         0x5f build/default/debug/main.o
 .debug_line      0x00005f         0x9f build/default/debug/pwm.o
 .debug_line      0x0000fe         0xf9 build/default/debug/sht1x.o
 .debug_line      0x0001f7         0xe1 build/default/debug/uart.o
 .debug_line      0x0002d8         0x3a build/default/debug/helper.o
 .debug_line      0x000312         0xb2 build/default/debug/serial_interface.o
 .debug_line      0x0003c4         0x68 build/default/debug/data_logger.o
 .debug_line      0x00042c         0x79 build/default/debug/humidity_controller.o
 .debug_line      0x0004a5         0x99 build/default/debug/fogger.o

.debug_frame      0x000000        0x66e
 *(.debug_frame)
 .debug_frame     0x000000         0x36 build/default/debug/main.o
 .debug_frame     0x000036         0xa8 build/default/debug/pwm.o
 .debug_frame     0x0000de        0x16c build/default/debug/sht1x.o
 .debug_frame     0x00024a        0x174 build/default/debug/uart.o
 .debug_frame     0x0003be         0x4c build/default/debug/helper.o
 .debug_frame     0x00040a         0xd8 build/default/debug/serial_interface.o
 .debug_frame     0x0004e2         0x68 build/default/debug/data_logger.o
 .debug_frame     0x00054a         0xbc build/default/debug/humidity_controller.o
 .debug_frame     0x000606         0x68 build/default/debug/fogger.o

.debug_str        0x000000        0x287
 *(.debug_str)
 .debug_str       0x000000         0x47 build/default/debug/pwm.o
 .debug_str       0x000047         0x51 build/default/debug/sht1x.o
 .debug_str       0x000098         0xf3 build/default/debug/uart.o
 .debug_str       0x00018b         0x4a build/default/debug/serial_interface.o
 .debug_str       0x0001d5         0x58 build/default/debug/data_logger.o
 .debug_str       0x00022d         0x47 build/default/debug/humidity_controller.o
 .debug_str       0x000274         0x13 build/default/debug/fogger.o

.debug_loc
 *(.debug_loc)

.debug_macinfo
 *(.debug_macinfo)

.debug_pubnames
                  0x000000        0x60a
 *(.debug_pubnames)
 .debug_pubnames
                  0x000000         0x1b build/default/debug/main.o
 .debug_pubnames
                  0x00001b         0x76 build/default/debug/pwm.o
 .debug_pubnames
                  0x000091        0x144 build/default/debug/sht1x.o
 .debug_pubnames
                  0x0001d5        0x181 build/default/debug/uart.o
 .debug_pubnames
                  0x000356         0x2e build/default/debug/helper.o
 .debug_pubnames
                  0x000384         0xee build/default/debug/serial_interface.o
 .debug_pubnames
                  0x000472         0xa5 build/default/debug/data_logger.o
 .debug_pubnames
                  0x000517         0xab build/default/debug/humidity_controller.o
 .debug_pubnames
                  0x0005c2         0x48 build/default/debug/fogger.o

.debug_ranges
 *(.debug_ranges)

.debug_aranges    0x000000         0xd8
 *(.debug_aranges)
 .debug_aranges
                  0x000000         0x18 build/default/debug/main.o
 .debug_aranges
                  0x000018         0x18 build/default/debug/pwm.o
 .debug_aranges
                  0x000030         0x18 build/default/debug/sht1x.o
 .debug_aranges
                  0x000048         0x18 build/default/debug/uart.o
 .debug_aranges
                  0x000060         0x18 build/default/debug/helper.o
 .debug_aranges
                  0x000078         0x18 build/default/debug/serial_interface.o
 .debug_aranges
                  0x000090         0x18 build/default/debug/data_logger.o
 .debug_aranges
                  0x0000a8         0x18 build/default/debug/humidity_controller.o
 .debug_aranges
                  0x0000c0         0x18 build/default/debug/fogger.o
                    0x0000                  WREG0 = 0x0
                    0x0000                  _WREG0 = 0x0
                    0x0002                  WREG1 = 0x2
                    0x0002                  _WREG1 = 0x2
                    0x0004                  WREG2 = 0x4
                    0x0004                  _WREG2 = 0x4
                    0x0006                  WREG3 = 0x6
                    0x0006                  _WREG3 = 0x6
                    0x0008                  WREG4 = 0x8
                    0x0008                  _WREG4 = 0x8
                    0x000a                  WREG5 = 0xa
                    0x000a                  _WREG5 = 0xa
                    0x000c                  WREG6 = 0xc
                    0x000c                  _WREG6 = 0xc
                    0x000e                  WREG7 = 0xe
                    0x000e                  _WREG7 = 0xe
                    0x0010                  WREG8 = 0x10
                    0x0010                  _WREG8 = 0x10
                    0x0012                  WREG9 = 0x12
                    0x0012                  _WREG9 = 0x12
                    0x0014                  WREG10 = 0x14
                    0x0014                  _WREG10 = 0x14
                    0x0016                  WREG11 = 0x16
                    0x0016                  _WREG11 = 0x16
                    0x0018                  WREG12 = 0x18
                    0x0018                  _WREG12 = 0x18
                    0x001a                  WREG13 = 0x1a
                    0x001a                  _WREG13 = 0x1a
                    0x001c                  WREG14 = 0x1c
                    0x001c                  _WREG14 = 0x1c
                    0x001e                  WREG15 = 0x1e
                    0x001e                  _WREG15 = 0x1e
                    0x0020                  SPLIM = 0x20
                    0x0020                  _SPLIM = 0x20
                    0x002e                  PCL = 0x2e
                    0x002e                  _PCL = 0x2e
                    0x0030                  PCH = 0x30
                    0x0030                  _PCH = 0x30
                    0x0032                  TBLPAG = 0x32
                    0x0032                  _TBLPAG = 0x32
                    0x0034                  PSVPAG = 0x34
                    0x0034                  _PSVPAG = 0x34
                    0x0036                  RCOUNT = 0x36
                    0x0036                  _RCOUNT = 0x36
                    0x0042                  SR = 0x42
                    0x0042                  _SR = 0x42
                    0x0042                  _SRbits = 0x42
                    0x0044                  CORCON = 0x44
                    0x0044                  _CORCON = 0x44
                    0x0044                  _CORCONbits = 0x44
                    0x0052                  DISICNT = 0x52
                    0x0052                  _DISICNT = 0x52
                    0x0060                  CNEN1 = 0x60
                    0x0060                  _CNEN1 = 0x60
                    0x0060                  _CNEN1bits = 0x60
                    0x0062                  CNEN2 = 0x62
                    0x0062                  _CNEN2 = 0x62
                    0x0062                  _CNEN2bits = 0x62
                    0x0068                  CNPU1 = 0x68
                    0x0068                  _CNPU1 = 0x68
                    0x0068                  _CNPU1bits = 0x68
                    0x006a                  CNPU2 = 0x6a
                    0x006a                  _CNPU2 = 0x6a
                    0x006a                  _CNPU2bits = 0x6a
                    0x0080                  INTCON1 = 0x80
                    0x0080                  _INTCON1 = 0x80
                    0x0080                  _INTCON1bits = 0x80
                    0x0082                  INTCON2 = 0x82
                    0x0082                  _INTCON2 = 0x82
                    0x0082                  _INTCON2bits = 0x82
                    0x0084                  IFS0 = 0x84
                    0x0084                  _IFS0 = 0x84
                    0x0084                  _IFS0bits = 0x84
                    0x0086                  IFS1 = 0x86
                    0x0086                  _IFS1 = 0x86
                    0x0086                  _IFS1bits = 0x86
                    0x0088                  IFS2 = 0x88
                    0x0088                  _IFS2 = 0x88
                    0x0088                  _IFS2bits = 0x88
                    0x008a                  IFS3 = 0x8a
                    0x008a                  _IFS3 = 0x8a
                    0x008a                  _IFS3bits = 0x8a
                    0x008c                  IFS4 = 0x8c
                    0x008c                  _IFS4 = 0x8c
                    0x008c                  _IFS4bits = 0x8c
                    0x0094                  IEC0 = 0x94
                    0x0094                  _IEC0 = 0x94
                    0x0094                  _IEC0bits = 0x94
                    0x0096                  IEC1 = 0x96
                    0x0096                  _IEC1 = 0x96
                    0x0096                  _IEC1bits = 0x96
                    0x0098                  IEC2 = 0x98
                    0x0098                  _IEC2 = 0x98
                    0x0098                  _IEC2bits = 0x98
                    0x009a                  IEC3 = 0x9a
                    0x009a                  _IEC3 = 0x9a
                    0x009a                  _IEC3bits = 0x9a
                    0x009c                  IEC4 = 0x9c
                    0x009c                  _IEC4 = 0x9c
                    0x009c                  _IEC4bits = 0x9c
                    0x00a4                  IPC0 = 0xa4
                    0x00a4                  _IPC0 = 0xa4
                    0x00a4                  _IPC0bits = 0xa4
                    0x00a6                  IPC1 = 0xa6
                    0x00a6                  _IPC1 = 0xa6
                    0x00a6                  _IPC1bits = 0xa6
                    0x00a8                  IPC2 = 0xa8
                    0x00a8                  _IPC2 = 0xa8
                    0x00a8                  _IPC2bits = 0xa8
                    0x00aa                  IPC3 = 0xaa
                    0x00aa                  _IPC3 = 0xaa
                    0x00aa                  _IPC3bits = 0xaa
                    0x00ac                  IPC4 = 0xac
                    0x00ac                  _IPC4 = 0xac
                    0x00ac                  _IPC4bits = 0xac
                    0x00ae                  IPC5 = 0xae
                    0x00ae                  _IPC5 = 0xae
                    0x00ae                  _IPC5bits = 0xae
                    0x00b0                  IPC6 = 0xb0
                    0x00b0                  _IPC6 = 0xb0
                    0x00b0                  _IPC6bits = 0xb0
                    0x00b2                  IPC7 = 0xb2
                    0x00b2                  _IPC7 = 0xb2
                    0x00b2                  _IPC7bits = 0xb2
                    0x00b4                  IPC8 = 0xb4
                    0x00b4                  _IPC8 = 0xb4
                    0x00b4                  _IPC8bits = 0xb4
                    0x00b6                  IPC9 = 0xb6
                    0x00b6                  _IPC9 = 0xb6
                    0x00b6                  _IPC9bits = 0xb6
                    0x00ba                  IPC11 = 0xba
                    0x00ba                  _IPC11 = 0xba
                    0x00ba                  _IPC11bits = 0xba
                    0x00c2                  IPC15 = 0xc2
                    0x00c2                  _IPC15 = 0xc2
                    0x00c2                  _IPC15bits = 0xc2
                    0x00c4                  IPC16 = 0xc4
                    0x00c4                  _IPC16 = 0xc4
                    0x00c4                  _IPC16bits = 0xc4
                    0x00c6                  IPC17 = 0xc6
                    0x00c6                  _IPC17 = 0xc6
                    0x00c6                  _IPC17bits = 0xc6
                    0x00e0                  INTTREG = 0xe0
                    0x00e0                  _INTTREG = 0xe0
                    0x00e0                  _INTTREGbits = 0xe0
                    0x0100                  TMR1 = 0x100
                    0x0100                  _TMR1 = 0x100
                    0x0102                  PR1 = 0x102
                    0x0102                  _PR1 = 0x102
                    0x0104                  T1CON = 0x104
                    0x0104                  _T1CON = 0x104
                    0x0104                  _T1CONbits = 0x104
                    0x0106                  TMR2 = 0x106
                    0x0106                  _TMR2 = 0x106
                    0x0108                  TMR3HLD = 0x108
                    0x0108                  _TMR3HLD = 0x108
                    0x010a                  TMR3 = 0x10a
                    0x010a                  _TMR3 = 0x10a
                    0x010c                  PR2 = 0x10c
                    0x010c                  _PR2 = 0x10c
                    0x010e                  PR3 = 0x10e
                    0x010e                  _PR3 = 0x10e
                    0x0110                  T2CON = 0x110
                    0x0110                  _T2CON = 0x110
                    0x0110                  _T2CONbits = 0x110
                    0x0112                  T3CON = 0x112
                    0x0112                  _T3CON = 0x112
                    0x0112                  _T3CONbits = 0x112
                    0x0114                  TMR4 = 0x114
                    0x0114                  _TMR4 = 0x114
                    0x0116                  TMR5HLD = 0x116
                    0x0116                  _TMR5HLD = 0x116
                    0x0118                  TMR5 = 0x118
                    0x0118                  _TMR5 = 0x118
                    0x011a                  PR4 = 0x11a
                    0x011a                  _PR4 = 0x11a
                    0x011c                  PR5 = 0x11c
                    0x011c                  _PR5 = 0x11c
                    0x011e                  T4CON = 0x11e
                    0x011e                  _T4CON = 0x11e
                    0x011e                  _T4CONbits = 0x11e
                    0x0120                  T5CON = 0x120
                    0x0120                  _T5CON = 0x120
                    0x0120                  _T5CONbits = 0x120
                    0x0140                  IC1BUF = 0x140
                    0x0140                  _IC1BUF = 0x140
                    0x0142                  IC1CON = 0x142
                    0x0142                  _IC1CON = 0x142
                    0x0142                  _IC1CONbits = 0x142
                    0x0144                  IC2BUF = 0x144
                    0x0144                  _IC2BUF = 0x144
                    0x0146                  IC2CON = 0x146
                    0x0146                  _IC2CON = 0x146
                    0x0146                  _IC2CONbits = 0x146
                    0x0158                  IC7BUF = 0x158
                    0x0158                  _IC7BUF = 0x158
                    0x015a                  IC7CON = 0x15a
                    0x015a                  _IC7CON = 0x15a
                    0x015a                  _IC7CONbits = 0x15a
                    0x015c                  IC8BUF = 0x15c
                    0x015c                  _IC8BUF = 0x15c
                    0x015e                  IC8CON = 0x15e
                    0x015e                  _IC8CON = 0x15e
                    0x015e                  _IC8CONbits = 0x15e
                    0x0180                  OC1RS = 0x180
                    0x0180                  _OC1RS = 0x180
                    0x0182                  OC1R = 0x182
                    0x0182                  _OC1R = 0x182
                    0x0184                  OC1CON = 0x184
                    0x0184                  _OC1CON = 0x184
                    0x0184                  _OC1CONbits = 0x184
                    0x0186                  OC2RS = 0x186
                    0x0186                  _OC2RS = 0x186
                    0x0188                  OC2R = 0x188
                    0x0188                  _OC2R = 0x188
                    0x018a                  OC2CON = 0x18a
                    0x018a                  _OC2CON = 0x18a
                    0x018a                  _OC2CONbits = 0x18a
                    0x018c                  OC3RS = 0x18c
                    0x018c                  _OC3RS = 0x18c
                    0x018e                  OC3R = 0x18e
                    0x018e                  _OC3R = 0x18e
                    0x0190                  OC3CON = 0x190
                    0x0190                  _OC3CON = 0x190
                    0x0190                  _OC3CONbits = 0x190
                    0x0192                  OC4RS = 0x192
                    0x0192                  _OC4RS = 0x192
                    0x0194                  OC4R = 0x194
                    0x0194                  _OC4R = 0x194
                    0x0196                  OC4CON = 0x196
                    0x0196                  _OC4CON = 0x196
                    0x0196                  _OC4CONbits = 0x196
                    0x0200                  I2C1RCV = 0x200
                    0x0200                  _I2C1RCV = 0x200
                    0x0200                  I2CRCV = 0x200
                    0x0200                  _I2CRCV = 0x200
                    0x0202                  I2C1TRN = 0x202
                    0x0202                  _I2C1TRN = 0x202
                    0x0202                  I2CTRN = 0x202
                    0x0202                  _I2CTRN = 0x202
                    0x0204                  I2C1BRG = 0x204
                    0x0204                  _I2C1BRG = 0x204
                    0x0206                  I2C1CON = 0x206
                    0x0206                  _I2C1CON = 0x206
                    0x0206                  _I2C1CONbits = 0x206
                    0x0206                  I2CCON = 0x206
                    0x0206                  _I2CCON = 0x206
                    0x0206                  _I2CCONbits = 0x206
                    0x0208                  I2C1STAT = 0x208
                    0x0208                  _I2C1STAT = 0x208
                    0x0208                  _I2C1STATbits = 0x208
                    0x0208                  I2CSTAT = 0x208
                    0x0208                  _I2CSTAT = 0x208
                    0x0208                  _I2CSTATbits = 0x208
                    0x020a                  I2C1ADD = 0x20a
                    0x020a                  _I2C1ADD = 0x20a
                    0x020a                  I2CADD = 0x20a
                    0x020a                  _I2CADD = 0x20a
                    0x020c                  I2C1MSK = 0x20c
                    0x020c                  _I2C1MSK = 0x20c
                    0x0220                  U1MODE = 0x220
                    0x0220                  _U1MODE = 0x220
                    0x0220                  _U1MODEbits = 0x220
                    0x0222                  U1STA = 0x222
                    0x0222                  _U1STA = 0x222
                    0x0222                  _U1STAbits = 0x222
                    0x0224                  U1TXREG = 0x224
                    0x0224                  _U1TXREG = 0x224
                    0x0224                  _U1TXREGbits = 0x224
                    0x0226                  U1RXREG = 0x226
                    0x0226                  _U1RXREG = 0x226
                    0x0226                  _U1RXREGbits = 0x226
                    0x0228                  U1BRG = 0x228
                    0x0228                  _U1BRG = 0x228
                    0x0230                  U2MODE = 0x230
                    0x0230                  _U2MODE = 0x230
                    0x0230                  _U2MODEbits = 0x230
                    0x0232                  U2STA = 0x232
                    0x0232                  _U2STA = 0x232
                    0x0232                  _U2STAbits = 0x232
                    0x0234                  U2TXREG = 0x234
                    0x0234                  _U2TXREG = 0x234
                    0x0234                  _U2TXREGbits = 0x234
                    0x0236                  U2RXREG = 0x236
                    0x0236                  _U2RXREG = 0x236
                    0x0236                  _U2RXREGbits = 0x236
                    0x0238                  U2BRG = 0x238
                    0x0238                  _U2BRG = 0x238
                    0x0240                  SPI1STAT = 0x240
                    0x0240                  _SPI1STAT = 0x240
                    0x0240                  _SPI1STATbits = 0x240
                    0x0242                  SPI1CON1 = 0x242
                    0x0242                  _SPI1CON1 = 0x242
                    0x0242                  _SPI1CON1bits = 0x242
                    0x0244                  SPI1CON2 = 0x244
                    0x0244                  _SPI1CON2 = 0x244
                    0x0244                  _SPI1CON2bits = 0x244
                    0x0248                  SPI1BUF = 0x248
                    0x0248                  _SPI1BUF = 0x248
                    0x0260                  SPI2STAT = 0x260
                    0x0260                  _SPI2STAT = 0x260
                    0x0260                  _SPI2STATbits = 0x260
                    0x0262                  SPI2CON1 = 0x262
                    0x0262                  _SPI2CON1 = 0x262
                    0x0262                  _SPI2CON1bits = 0x262
                    0x0264                  SPI2CON2 = 0x264
                    0x0264                  _SPI2CON2 = 0x264
                    0x0264                  _SPI2CON2bits = 0x264
                    0x0268                  SPI2BUF = 0x268
                    0x0268                  _SPI2BUF = 0x268
                    0x02c0                  TRISA = 0x2c0
                    0x02c0                  _TRISA = 0x2c0
                    0x02c0                  _TRISAbits = 0x2c0
                    0x02c2                  PORTA = 0x2c2
                    0x02c2                  _PORTA = 0x2c2
                    0x02c2                  _PORTAbits = 0x2c2
                    0x02c4                  LATA = 0x2c4
                    0x02c4                  _LATA = 0x2c4
                    0x02c4                  _LATAbits = 0x2c4
                    0x02c6                  ODCA = 0x2c6
                    0x02c6                  _ODCA = 0x2c6
                    0x02c6                  _ODCAbits = 0x2c6
                    0x02c8                  TRISB = 0x2c8
                    0x02c8                  _TRISB = 0x2c8
                    0x02c8                  _TRISBbits = 0x2c8
                    0x02ca                  PORTB = 0x2ca
                    0x02ca                  _PORTB = 0x2ca
                    0x02ca                  _PORTBbits = 0x2ca
                    0x02cc                  LATB = 0x2cc
                    0x02cc                  _LATB = 0x2cc
                    0x02cc                  _LATBbits = 0x2cc
                    0x02ce                  ODCB = 0x2ce
                    0x02ce                  _ODCB = 0x2ce
                    0x02ce                  _ODCBbits = 0x2ce
                    0x02fc                  PADCFG1 = 0x2fc
                    0x02fc                  _PADCFG1 = 0x2fc
                    0x02fc                  _PADCFG1bits = 0x2fc
                    0x0300                  ADC1BUF0 = 0x300
                    0x0300                  _ADC1BUF0 = 0x300
                    0x0300                  ADCBUF0 = 0x300
                    0x0300                  _ADCBUF0 = 0x300
                    0x0320                  AD1CON1 = 0x320
                    0x0320                  _AD1CON1 = 0x320
                    0x0320                  _AD1CON1bits = 0x320
                    0x0322                  AD1CON2 = 0x322
                    0x0322                  _AD1CON2 = 0x322
                    0x0322                  _AD1CON2bits = 0x322
                    0x0324                  AD1CON3 = 0x324
                    0x0324                  _AD1CON3 = 0x324
                    0x0324                  _AD1CON3bits = 0x324
                    0x0326                  AD1CHS123 = 0x326
                    0x0326                  _AD1CHS123 = 0x326
                    0x0326                  _AD1CHS123bits = 0x326
                    0x0328                  AD1CHS0 = 0x328
                    0x0328                  _AD1CHS0 = 0x328
                    0x0328                  _AD1CHS0bits = 0x328
                    0x032c                  AD1PCFGL = 0x32c
                    0x032c                  _AD1PCFGL = 0x32c
                    0x032c                  _AD1PCFGLbits = 0x32c
                    0x032c                  ADPCFG = 0x32c
                    0x032c                  _ADPCFG = 0x32c
                    0x032c                  _ADPCFGbits = 0x32c
                    0x0330                  AD1CSSL = 0x330
                    0x0330                  _AD1CSSL = 0x330
                    0x0330                  _AD1CSSLbits = 0x330
                    0x0332                  AD1CON4 = 0x332
                    0x0332                  _AD1CON4 = 0x332
                    0x0332                  _AD1CON4bits = 0x332
                    0x0380                  DMA0CON = 0x380
                    0x0380                  _DMA0CON = 0x380
                    0x0380                  _DMA0CONbits = 0x380
                    0x0382                  DMA0REQ = 0x382
                    0x0382                  _DMA0REQ = 0x382
                    0x0382                  _DMA0REQbits = 0x382
                    0x0384                  DMA0STA = 0x384
                    0x0384                  _DMA0STA = 0x384
                    0x0386                  DMA0STB = 0x386
                    0x0386                  _DMA0STB = 0x386
                    0x0388                  DMA0PAD = 0x388
                    0x0388                  _DMA0PAD = 0x388
                    0x038a                  DMA0CNT = 0x38a
                    0x038a                  _DMA0CNT = 0x38a
                    0x038c                  DMA1CON = 0x38c
                    0x038c                  _DMA1CON = 0x38c
                    0x038c                  _DMA1CONbits = 0x38c
                    0x038e                  DMA1REQ = 0x38e
                    0x038e                  _DMA1REQ = 0x38e
                    0x038e                  _DMA1REQbits = 0x38e
                    0x0390                  DMA1STA = 0x390
                    0x0390                  _DMA1STA = 0x390
                    0x0392                  DMA1STB = 0x392
                    0x0392                  _DMA1STB = 0x392
                    0x0394                  DMA1PAD = 0x394
                    0x0394                  _DMA1PAD = 0x394
                    0x0396                  DMA1CNT = 0x396
                    0x0396                  _DMA1CNT = 0x396
                    0x0398                  DMA2CON = 0x398
                    0x0398                  _DMA2CON = 0x398
                    0x0398                  _DMA2CONbits = 0x398
                    0x039a                  DMA2REQ = 0x39a
                    0x039a                  _DMA2REQ = 0x39a
                    0x039a                  _DMA2REQbits = 0x39a
                    0x039c                  DMA2STA = 0x39c
                    0x039c                  _DMA2STA = 0x39c
                    0x039e                  DMA2STB = 0x39e
                    0x039e                  _DMA2STB = 0x39e
                    0x03a0                  DMA2PAD = 0x3a0
                    0x03a0                  _DMA2PAD = 0x3a0
                    0x03a2                  DMA2CNT = 0x3a2
                    0x03a2                  _DMA2CNT = 0x3a2
                    0x03a4                  DMA3CON = 0x3a4
                    0x03a4                  _DMA3CON = 0x3a4
                    0x03a4                  _DMA3CONbits = 0x3a4
                    0x03a6                  DMA3REQ = 0x3a6
                    0x03a6                  _DMA3REQ = 0x3a6
                    0x03a6                  _DMA3REQbits = 0x3a6
                    0x03a8                  DMA3STA = 0x3a8
                    0x03a8                  _DMA3STA = 0x3a8
                    0x03aa                  DMA3STB = 0x3aa
                    0x03aa                  _DMA3STB = 0x3aa
                    0x03ac                  DMA3PAD = 0x3ac
                    0x03ac                  _DMA3PAD = 0x3ac
                    0x03ae                  DMA3CNT = 0x3ae
                    0x03ae                  _DMA3CNT = 0x3ae
                    0x03b0                  DMA4CON = 0x3b0
                    0x03b0                  _DMA4CON = 0x3b0
                    0x03b0                  _DMA4CONbits = 0x3b0
                    0x03b2                  DMA4REQ = 0x3b2
                    0x03b2                  _DMA4REQ = 0x3b2
                    0x03b2                  _DMA4REQbits = 0x3b2
                    0x03b4                  DMA4STA = 0x3b4
                    0x03b4                  _DMA4STA = 0x3b4
                    0x03b6                  DMA4STB = 0x3b6
                    0x03b6                  _DMA4STB = 0x3b6
                    0x03b8                  DMA4PAD = 0x3b8
                    0x03b8                  _DMA4PAD = 0x3b8
                    0x03ba                  DMA4CNT = 0x3ba
                    0x03ba                  _DMA4CNT = 0x3ba
                    0x03bc                  DMA5CON = 0x3bc
                    0x03bc                  _DMA5CON = 0x3bc
                    0x03bc                  _DMA5CONbits = 0x3bc
                    0x03be                  DMA5REQ = 0x3be
                    0x03be                  _DMA5REQ = 0x3be
                    0x03be                  _DMA5REQbits = 0x3be
                    0x03c0                  DMA5STA = 0x3c0
                    0x03c0                  _DMA5STA = 0x3c0
                    0x03c2                  DMA5STB = 0x3c2
                    0x03c2                  _DMA5STB = 0x3c2
                    0x03c4                  DMA5PAD = 0x3c4
                    0x03c4                  _DMA5PAD = 0x3c4
                    0x03c6                  DMA5CNT = 0x3c6
                    0x03c6                  _DMA5CNT = 0x3c6
                    0x03c8                  DMA6CON = 0x3c8
                    0x03c8                  _DMA6CON = 0x3c8
                    0x03c8                  _DMA6CONbits = 0x3c8
                    0x03ca                  DMA6REQ = 0x3ca
                    0x03ca                  _DMA6REQ = 0x3ca
                    0x03ca                  _DMA6REQbits = 0x3ca
                    0x03cc                  DMA6STA = 0x3cc
                    0x03cc                  _DMA6STA = 0x3cc
                    0x03ce                  DMA6STB = 0x3ce
                    0x03ce                  _DMA6STB = 0x3ce
                    0x03d0                  DMA6PAD = 0x3d0
                    0x03d0                  _DMA6PAD = 0x3d0
                    0x03d2                  DMA6CNT = 0x3d2
                    0x03d2                  _DMA6CNT = 0x3d2
                    0x03d4                  DMA7CON = 0x3d4
                    0x03d4                  _DMA7CON = 0x3d4
                    0x03d4                  _DMA7CONbits = 0x3d4
                    0x03d6                  DMA7REQ = 0x3d6
                    0x03d6                  _DMA7REQ = 0x3d6
                    0x03d6                  _DMA7REQbits = 0x3d6
                    0x03d8                  DMA7STA = 0x3d8
                    0x03d8                  _DMA7STA = 0x3d8
                    0x03da                  DMA7STB = 0x3da
                    0x03da                  _DMA7STB = 0x3da
                    0x03dc                  DMA7PAD = 0x3dc
                    0x03dc                  _DMA7PAD = 0x3dc
                    0x03de                  DMA7CNT = 0x3de
                    0x03de                  _DMA7CNT = 0x3de
                    0x03e0                  DMACS0 = 0x3e0
                    0x03e0                  _DMACS0 = 0x3e0
                    0x03e0                  _DMACS0bits = 0x3e0
                    0x03e2                  DMACS1 = 0x3e2
                    0x03e2                  _DMACS1 = 0x3e2
                    0x03e2                  _DMACS1bits = 0x3e2
                    0x03e4                  DSADR = 0x3e4
                    0x03e4                  _DSADR = 0x3e4
                    0x0600                  PMCON = 0x600
                    0x0600                  _PMCON = 0x600
                    0x0600                  _PMCONbits = 0x600
                    0x0602                  PMMODE = 0x602
                    0x0602                  _PMMODE = 0x602
                    0x0602                  _PMMODEbits = 0x602
                    0x0604                  PMADDR = 0x604
                    0x0604                  _PMADDR = 0x604
                    0x0604                  _PMADDRbits = 0x604
                    0x0604                  PMDOUT1 = 0x604
                    0x0604                  _PMDOUT1 = 0x604
                    0x0606                  PMDOUT2 = 0x606
                    0x0606                  _PMDOUT2 = 0x606
                    0x0608                  PMDIN1 = 0x608
                    0x0608                  _PMDIN1 = 0x608
                    0x060a                  PMDIN2 = 0x60a
                    0x060a                  _PMDIN2 = 0x60a
                    0x060c                  PMAEN = 0x60c
                    0x060c                  _PMAEN = 0x60c
                    0x060c                  _PMAENbits = 0x60c
                    0x060e                  PMSTAT = 0x60e
                    0x060e                  _PMSTAT = 0x60e
                    0x060e                  _PMSTATbits = 0x60e
                    0x0620                  ALRMVAL = 0x620
                    0x0620                  _ALRMVAL = 0x620
                    0x0622                  ALCFGRPT = 0x622
                    0x0622                  _ALCFGRPT = 0x622
                    0x0622                  _ALCFGRPTbits = 0x622
                    0x0624                  RTCVAL = 0x624
                    0x0624                  _RTCVAL = 0x624
                    0x0626                  RCFGCAL = 0x626
                    0x0626                  _RCFGCAL = 0x626
                    0x0626                  _RCFGCALbits = 0x626
                    0x0630                  CMCON = 0x630
                    0x0630                  _CMCON = 0x630
                    0x0630                  _CMCONbits = 0x630
                    0x0632                  CVRCON = 0x632
                    0x0632                  _CVRCON = 0x632
                    0x0632                  _CVRCONbits = 0x632
                    0x0640                  CRCCON = 0x640
                    0x0640                  _CRCCON = 0x640
                    0x0640                  _CRCCONbits = 0x640
                    0x0642                  CRCXOR = 0x642
                    0x0642                  _CRCXOR = 0x642
                    0x0644                  CRCDAT = 0x644
                    0x0644                  _CRCDAT = 0x644
                    0x0646                  CRCWDAT = 0x646
                    0x0646                  _CRCWDAT = 0x646
                    0x0680                  RPINR0 = 0x680
                    0x0680                  _RPINR0 = 0x680
                    0x0680                  _RPINR0bits = 0x680
                    0x0682                  RPINR1 = 0x682
                    0x0682                  _RPINR1 = 0x682
                    0x0682                  _RPINR1bits = 0x682
                    0x0686                  RPINR3 = 0x686
                    0x0686                  _RPINR3 = 0x686
                    0x0686                  _RPINR3bits = 0x686
                    0x0688                  RPINR4 = 0x688
                    0x0688                  _RPINR4 = 0x688
                    0x0688                  _RPINR4bits = 0x688
                    0x068e                  RPINR7 = 0x68e
                    0x068e                  _RPINR7 = 0x68e
                    0x068e                  _RPINR7bits = 0x68e
                    0x0694                  RPINR10 = 0x694
                    0x0694                  _RPINR10 = 0x694
                    0x0694                  _RPINR10bits = 0x694
                    0x0696                  RPINR11 = 0x696
                    0x0696                  _RPINR11 = 0x696
                    0x0696                  _RPINR11bits = 0x696
                    0x06a4                  RPINR18 = 0x6a4
                    0x06a4                  _RPINR18 = 0x6a4
                    0x06a4                  _RPINR18bits = 0x6a4
                    0x06a6                  RPINR19 = 0x6a6
                    0x06a6                  _RPINR19 = 0x6a6
                    0x06a6                  _RPINR19bits = 0x6a6
                    0x06a8                  RPINR20 = 0x6a8
                    0x06a8                  _RPINR20 = 0x6a8
                    0x06a8                  _RPINR20bits = 0x6a8
                    0x06aa                  RPINR21 = 0x6aa
                    0x06aa                  _RPINR21 = 0x6aa
                    0x06aa                  _RPINR21bits = 0x6aa
                    0x06ac                  RPINR22 = 0x6ac
                    0x06ac                  _RPINR22 = 0x6ac
                    0x06ac                  _RPINR22bits = 0x6ac
                    0x06ae                  RPINR23 = 0x6ae
                    0x06ae                  _RPINR23 = 0x6ae
                    0x06ae                  _RPINR23bits = 0x6ae
                    0x06c0                  RPOR0 = 0x6c0
                    0x06c0                  _RPOR0 = 0x6c0
                    0x06c0                  _RPOR0bits = 0x6c0
                    0x06c2                  RPOR1 = 0x6c2
                    0x06c2                  _RPOR1 = 0x6c2
                    0x06c2                  _RPOR1bits = 0x6c2
                    0x06c4                  RPOR2 = 0x6c4
                    0x06c4                  _RPOR2 = 0x6c4
                    0x06c4                  _RPOR2bits = 0x6c4
                    0x06c6                  RPOR3 = 0x6c6
                    0x06c6                  _RPOR3 = 0x6c6
                    0x06c6                  _RPOR3bits = 0x6c6
                    0x06c8                  RPOR4 = 0x6c8
                    0x06c8                  _RPOR4 = 0x6c8
                    0x06c8                  _RPOR4bits = 0x6c8
                    0x06ca                  RPOR5 = 0x6ca
                    0x06ca                  _RPOR5 = 0x6ca
                    0x06ca                  _RPOR5bits = 0x6ca
                    0x06cc                  RPOR6 = 0x6cc
                    0x06cc                  _RPOR6 = 0x6cc
                    0x06cc                  _RPOR6bits = 0x6cc
                    0x06ce                  RPOR7 = 0x6ce
                    0x06ce                  _RPOR7 = 0x6ce
                    0x06ce                  _RPOR7bits = 0x6ce
                    0x0740                  RCON = 0x740
                    0x0740                  _RCON = 0x740
                    0x0740                  _RCONbits = 0x740
                    0x0742                  OSCCON = 0x742
                    0x0742                  _OSCCON = 0x742
                    0x0742                  _OSCCONbits = 0x742
                    0x0742                  OSCCONL = 0x742
                    0x0742                  _OSCCONL = 0x742
                    0x0743                  OSCCONH = 0x743
                    0x0743                  _OSCCONH = 0x743
                    0x0744                  CLKDIV = 0x744
                    0x0744                  _CLKDIV = 0x744
                    0x0744                  _CLKDIVbits = 0x744
                    0x0746                  PLLFBD = 0x746
                    0x0746                  _PLLFBD = 0x746
                    0x0746                  _PLLFBDbits = 0x746
                    0x0748                  OSCTUN = 0x748
                    0x0748                  _OSCTUN = 0x748
                    0x0748                  _OSCTUNbits = 0x748
                    0x0750                  BSRAM = 0x750
                    0x0750                  _BSRAM = 0x750
                    0x0750                  _BSRAMbits = 0x750
                    0x0752                  SSRAM = 0x752
                    0x0752                  _SSRAM = 0x752
                    0x0752                  _SSRAMbits = 0x752
                    0x0760                  NVMCON = 0x760
                    0x0760                  _NVMCON = 0x760
                    0x0760                  _NVMCONbits = 0x760
                    0x0766                  NVMKEY = 0x766
                    0x0766                  _NVMKEY = 0x766
                    0x0770                  PMD1 = 0x770
                    0x0770                  _PMD1 = 0x770
                    0x0770                  _PMD1bits = 0x770
                    0x0772                  PMD2 = 0x772
                    0x0772                  _PMD2 = 0x772
                    0x0772                  _PMD2bits = 0x772
                    0x0774                  PMD3 = 0x774
                    0x0774                  _PMD3 = 0x774
                    0x0774                  _PMD3bits = 0x774
                    0x0140                  IC1 = 0x140
                    0x0140                  _IC1 = 0x140
                    0x0144                  IC2 = 0x144
                    0x0144                  _IC2 = 0x144
                    0x0158                  IC7 = 0x158
                    0x0158                  _IC7 = 0x158
                    0x015c                  IC8 = 0x15c
                    0x015c                  _IC8 = 0x15c
                    0x0180                  OC1 = 0x180
                    0x0180                  _OC1 = 0x180
                    0x0186                  OC2 = 0x186
                    0x0186                  _OC2 = 0x186
                    0x018c                  OC3 = 0x18c
                    0x018c                  _OC3 = 0x18c
                    0x0192                  OC4 = 0x192
                    0x0192                  _OC4 = 0x192
                    0x0240                  SPI1 = 0x240
                    0x0240                  _SPI1 = 0x240
                    0x0260                  SPI2 = 0x260
                    0x0260                  _SPI2 = 0x260
                    0x0220                  UART1 = 0x220
                    0x0220                  _UART1 = 0x220
                    0x0230                  UART2 = 0x230
                    0x0230                  _UART2 = 0x230
START GROUP
LOAD /Applications/microchip/xc16/v1.31/bin/bin/../../lib/liblega-pic30-elf.a
LOAD /Applications/microchip/xc16/v1.31/bin/bin/../../lib/libm-elf.a
LOAD /Applications/microchip/xc16/v1.31/bin/bin/../../lib/liblega-c-elf.a
END GROUP
OUTPUT(dist/default/debug/HumidityController.X.debug.elf elf32-pic30)
LOAD FGS
LOAD FBS
LOAD jump_table
LOAD default_isr
LOAD data_init

.debug_pubtypes
                  0x0000d8        0x38d
 .debug_pubtypes
                  0x0000d8         0x12 build/default/debug/main.o
 .debug_pubtypes
                  0x0000ea         0xc8 build/default/debug/pwm.o
 .debug_pubtypes
                  0x0001b2         0x6d build/default/debug/sht1x.o
 .debug_pubtypes
                  0x00021f        0x186 build/default/debug/uart.o
 .debug_pubtypes
                  0x0003a5         0x12 build/default/debug/helper.o
 .debug_pubtypes
                  0x0003b7         0x3c build/default/debug/serial_interface.o
 .debug_pubtypes
                  0x0003f3         0x12 build/default/debug/data_logger.o
 .debug_pubtypes
                  0x000405         0x12 build/default/debug/humidity_controller.o
 .debug_pubtypes
                  0x000417         0x4e build/default/debug/fogger.o

__c30_signature
                  0x000465        0x1a4
 __c30_signature
                  0x000465          0x6 build/default/debug/main.o
 __c30_signature
                  0x00046b          0x6 build/default/debug/pwm.o
 __c30_signature
                  0x000471          0x6 build/default/debug/sht1x.o
 __c30_signature
                  0x000477          0x6 build/default/debug/uart.o
 __c30_signature
                  0x00047d          0x6 build/default/debug/helper.o
 __c30_signature
                  0x000483          0x6 build/default/debug/serial_interface.o
 __c30_signature
                  0x000489          0x6 build/default/debug/data_logger.o
 __c30_signature
                  0x00048f          0x6 build/default/debug/humidity_controller.o
 __c30_signature
                  0x000495          0x6 build/default/debug/fogger.o
 __c30_signature
                  0x00049b          0x6 /Applications/microchip/xc16/v1.31/bin/bin/../../lib/liblega-pic30-elf.a(crt0_standard.o)
 __c30_signature
                  0x0004a1          0x6 /Applications/microchip/xc16/v1.31/bin/bin/../../lib/liblega-pic30-elf.a(data_init_standard.o)
 __c30_signature
                  0x0004a7          0x6 /Applications/microchip/xc16/v1.31/bin/bin/../../lib/liblega-pic30-elf.a(delay32.Leo)
 __c30_signature
                  0x0004ad          0x6 /Applications/microchip/xc16/v1.31/bin/bin/../../lib/libm-elf.a(addsf3.eo)
 __c30_signature
                  0x0004b3          0x6 /Applications/microchip/xc16/v1.31/bin/bin/../../lib/libm-elf.a(divsf3.eo)
 __c30_signature
                  0x0004b9          0x6 /Applications/microchip/xc16/v1.31/bin/bin/../../lib/libm-elf.a(feqltle.eo)
 __c30_signature
                  0x0004bf          0x6 /Applications/microchip/xc16/v1.31/bin/bin/../../lib/libm-elf.a(fixsfsi.eo)
 __c30_signature
                  0x0004c5          0x6 /Applications/microchip/xc16/v1.31/bin/bin/../../lib/libm-elf.a(floatsisf.eo)
 __c30_signature
                  0x0004cb          0x6 /Applications/microchip/xc16/v1.31/bin/bin/../../lib/libm-elf.a(floatunsisf.eo)
 __c30_signature
                  0x0004d1          0x6 /Applications/microchip/xc16/v1.31/bin/bin/../../lib/libm-elf.a(fpack.eo)
 __c30_signature
                  0x0004d7          0x6 /Applications/microchip/xc16/v1.31/bin/bin/../../lib/libm-elf.a(funpack.eo)
 __c30_signature
                  0x0004dd          0x6 /Applications/microchip/xc16/v1.31/bin/bin/../../lib/libm-elf.a(funpack2.eo)
 __c30_signature
                  0x0004e3          0x6 /Applications/microchip/xc16/v1.31/bin/bin/../../lib/libm-elf.a(futil.eo)
 __c30_signature
                  0x0004e9          0x6 /Applications/microchip/xc16/v1.31/bin/bin/../../lib/libm-elf.a(mulsf3.eo)
 __c30_signature
                  0x0004ef          0x6 /Applications/microchip/xc16/v1.31/bin/bin/../../lib/libm-elf.a(divmoddi3.eo)
 __c30_signature
                  0x0004f5          0x6 /Applications/microchip/xc16/v1.31/bin/bin/../../lib/libm-elf.a(muldi3.eo)
 __c30_signature
                  0x0004fb          0x6 /Applications/microchip/xc16/v1.31/bin/bin/../../lib/libm-elf.a(fcompare.eo)
 __c30_signature
                  0x000501          0x6 /Applications/microchip/xc16/v1.31/bin/bin/../../lib/libm-elf.a(floatdisf.eo)
 __c30_signature
                  0x000507          0x6 /Applications/microchip/xc16/v1.31/bin/bin/../../lib/libm-elf.a(floatundisf.eo)
 __c30_signature
                  0x00050d          0x6 /Applications/microchip/xc16/v1.31/bin/bin/../../lib/libm-elf.a(umuldi3.eo)
 __c30_signature
                  0x000513          0x6 /Applications/microchip/xc16/v1.31/bin/bin/../../lib/liblega-c-elf.a(memcpy.XX_eo)
 __c30_signature
                  0x000519          0x6 /Applications/microchip/xc16/v1.31/bin/bin/../../lib/liblega-c-elf.a(memset.XX_eo)
 __c30_signature
                  0x00051f          0x6 /Applications/microchip/xc16/v1.31/bin/bin/../../lib/liblega-c-elf.a(strlen.XX_eo)
 __c30_signature
                  0x000525          0x6 /Applications/microchip/xc16/v1.31/bin/bin/../../lib/liblega-c-elf.a(strtol.XX_eo)
 __c30_signature
                  0x00052b          0x6 /Applications/microchip/xc16/v1.31/bin/bin/../../lib/liblega-c-elf.a(xstoul.XX_eo)
 __c30_signature
                  0x000531          0x6 /Applications/microchip/xc16/v1.31/bin/bin/../../lib/liblega-c-elf.a(isspace.XX_elso)
 __c30_signature
                  0x000537          0x6 /Applications/microchip/xc16/v1.31/bin/bin/../../lib/liblega-c-elf.a(tolower.XX_elso)
 __c30_signature
                  0x00053d          0x6 /Applications/microchip/xc16/v1.31/bin/bin/../../lib/liblega-c-elf.a(errno.XX_elo)
 __c30_signature
                  0x000543          0x6 /Applications/microchip/xc16/v1.31/bin/bin/../../lib/liblega-c-elf.a(sprintf_fF.XXeo)
 __c30_signature
                  0x000549          0x6 /Applications/microchip/xc16/v1.31/bin/bin/../../lib/liblega-c-elf.a(xprintf_fF.XXeo)
 __c30_signature
                  0x00054f          0x6 /Applications/microchip/xc16/v1.31/bin/bin/../../lib/liblega-c-elf.a(xputfld_fF.XXeo)
 __c30_signature
                  0x000555          0x6 /Applications/microchip/xc16/v1.31/bin/bin/../../lib/liblega-c-elf.a(xldtob_fF.XXeo)
 __c30_signature
                  0x00055b          0x6 /Applications/microchip/xc16/v1.31/bin/bin/../../lib/liblega-c-elf.a(xgenld_fF.XXeo)
 __c30_signature
                  0x000561          0x6 /Applications/microchip/xc16/v1.31/bin/bin/../../lib/liblega-c-elf.a(div.XX_eo)
 __c30_signature
                  0x000567          0x6 /Applications/microchip/xc16/v1.31/bin/bin/../../lib/liblega-c-elf.a(ldiv.XX_eo)
 __c30_signature
                  0x00056d          0x6 /Applications/microchip/xc16/v1.31/bin/bin/../../lib/liblega-c-elf.a(memchr.XX_eo)
 __c30_signature
                  0x000573          0x6 /Applications/microchip/xc16/v1.31/bin/bin/../../lib/liblega-c-elf.a(strchr.XX_eo)
 __c30_signature
                  0x000579          0x6 /Applications/microchip/xc16/v1.31/bin/bin/../../lib/liblega-c-elf.a(xldunsca.XX_eo)
 __c30_signature
                  0x00057f          0x6 /Applications/microchip/xc16/v1.31/bin/bin/../../lib/liblega-c-elf.a(xputtxt.XX_eo)
 __c30_signature
                  0x000585          0x6 /Applications/microchip/xc16/v1.31/bin/bin/../../lib/liblega-c-elf.a(xvacopy.XX_eo)
 __c30_signature
                  0x00058b          0x6 /Applications/microchip/xc16/v1.31/bin/bin/../../lib/liblega-c-elf.a(xdnorm.XX_elo)
 __c30_signature
                  0x000591          0x6 /Applications/microchip/xc16/v1.31/bin/bin/../../lib/libm-elf.a(deqltle.eo)
 __c30_signature
                  0x000597          0x6 /Applications/microchip/xc16/v1.31/bin/bin/../../lib/libm-elf.a(dgtge.eo)
 __c30_signature
                  0x00059d          0x6 /Applications/microchip/xc16/v1.31/bin/bin/../../lib/libm-elf.a(divdf3.eo)
 __c30_signature
                  0x0005a3          0x6 /Applications/microchip/xc16/v1.31/bin/bin/../../lib/libm-elf.a(divsi3.eo)
 __c30_signature
                  0x0005a9          0x6 /Applications/microchip/xc16/v1.31/bin/bin/../../lib/libm-elf.a(dpack.eo)
 __c30_signature
                  0x0005af          0x6 /Applications/microchip/xc16/v1.31/bin/bin/../../lib/libm-elf.a(dunpack2.eo)
 __c30_signature
                  0x0005b5          0x6 /Applications/microchip/xc16/v1.31/bin/bin/../../lib/libm-elf.a(extendsfdf.eo)
 __c30_signature
                  0x0005bb          0x6 /Applications/microchip/xc16/v1.31/bin/bin/../../lib/libm-elf.a(fixdfsi.eo)
 __c30_signature
                  0x0005c1          0x6 /Applications/microchip/xc16/v1.31/bin/bin/../../lib/libm-elf.a(floatsidf.eo)
 __c30_signature
                  0x0005c7          0x6 /Applications/microchip/xc16/v1.31/bin/bin/../../lib/libm-elf.a(muldf3.eo)
 __c30_signature
                  0x0005cd          0x6 /Applications/microchip/xc16/v1.31/bin/bin/../../lib/libm-elf.a(subdf3.eo)
 __c30_signature
                  0x0005d3          0x6 /Applications/microchip/xc16/v1.31/bin/bin/../../lib/libm-elf.a(udivsi3.eo)
 __c30_signature
                  0x0005d9          0x6 /Applications/microchip/xc16/v1.31/bin/bin/../../lib/libm-elf.a(mulsi3.eo)
 __c30_signature
                  0x0005df          0x6 /Applications/microchip/xc16/v1.31/bin/bin/../../lib/libm-elf.a(adddf3.eo)
 __c30_signature
                  0x0005e5          0x6 /Applications/microchip/xc16/v1.31/bin/bin/../../lib/libm-elf.a(dcompare.eo)
 __c30_signature
                  0x0005eb          0x6 /Applications/microchip/xc16/v1.31/bin/bin/../../lib/libm-elf.a(dpropagateNaN.eo)
 __c30_signature
                  0x0005f1          0x6 /Applications/microchip/xc16/v1.31/bin/bin/../../lib/libm-elf.a(dtype.eo)
 __c30_signature
                  0x0005f7          0x6 /Applications/microchip/xc16/v1.31/bin/bin/../../lib/libm-elf.a(dunpack.eo)
 __c30_signature
                  0x0005fd          0x6 /Applications/microchip/xc16/v1.31/bin/bin/../../lib/libm-elf.a(floatdidf.eo)
 __c30_signature
                  0x000603          0x6 /Applications/microchip/xc16/v1.31/bin/bin/../../lib/libm-elf.a(floatundidf.eo)

.nbss               0x1ff2          0xe
 .nbss              0x1ff2          0xe build/default/debug/uart.o
                    0x1ff2                  _transmitting
                    0x1ff4                  _tx_length
                    0x1ff6                  _tx_index
                    0x1ff8                  _tx_callback
                    0x1ffa                  _should_echo
                    0x1ffc                  _rx_index
                    0x1ffe                  _rx_callback

.ndata              0x1fea          0x8
 .ndata             0x1fea          0x8 build/default/debug/humidity_controller.o
                    0x1fea                  _k_p
                    0x1fee                  _humidity_setpoint

.nbss               0x1fe2          0x8
 .nbss              0x1fe2          0x8 build/default/debug/humidity_controller.o
                    0x1fe2                  _k_i
                    0x1fe6                  _k_d

.ndata              0x1fdc          0x6
 .ndata             0x1fdc          0x6 build/default/debug/sht1x.o
                    0x1fdc                  _kReadTempCommand
                    0x1fdd                  _kReadRHCommand
                    0x1fde                  _kReadStatus
                    0x1fdf                  _kWriteStatus
                    0x1fe0                  _kSoftReset

.nbss               0x1fd6          0x6
 .nbss              0x1fd6          0x6 build/default/debug/data_logger.o
                    0x1fd6                  _data_count
                    0x1fd8                  _didOverflow
                    0x1fda                  _writeIndex

.nbss               0x1fd2          0x4
 .nbss              0x1fd2          0x4 build/default/debug/serial_interface.o
                    0x1fd2                  _inVerboseMode
                    0x1fd4                  _transmissionComplete

.ndata              0x1fce          0x4
 .ndata             0x1fce          0x4 build/default/debug/serial_interface.o
                    0x1fce                  _mode
                    0x1fd0                  _last_command

.nbss               0x1fcc          0x2
 .nbss              0x1fcc          0x2 build/default/debug/pwm.o
                    0x1fcc                  _pwm_setpoint

.ndata              0x1fca          0x2
 .ndata             0x1fca          0x2 build/default/debug/uart.o
                    0x1fca                  _rx_length

.bss                0x2000        0x380
 .bss               0x2000        0x300 build/default/debug/data_logger.o
                    0x2000                  _humidityBuffer
                    0x2180                  _temperatureBuffer
 .bss               0x2300         0x80 build/default/debug/uart.o
                    0x2300                  _tx_buffer
                    0x2340                  _rx_buffer

.data               0x2380         0xbc
 .data              0x2380         0x58 /Applications/microchip/xc16/v1.31/bin/bin/../../lib/liblega-c-elf.a(xldtob_fF.XXeo)
 .data              0x23d8         0x4a /Applications/microchip/xc16/v1.31/bin/bin/../../lib/liblega-c-elf.a(xstoul.XX_eo)
 .data              0x2422         0x1a /Applications/microchip/xc16/v1.31/bin/bin/../../lib/liblega-c-elf.a(xprintf_fF.XXeo)

.bss                0x243c          0x4
 .bss               0x243c          0x4 /Applications/microchip/xc16/v1.31/bin/bin/../../lib/liblega-c-elf.a(errno.XX_elo)
                    0x243c                  _errno
                    0x243e                  __Tls_setup_errno

.data               0x2440          0x2
 .data              0x2440          0x2 /Applications/microchip/xc16/v1.31/bin/bin/../../lib/liblega-c-elf.a(xgenld_fF.XXeo)

.config_JTAGEN    0xf8000e          0x2
 .config_JTAGEN
                  0xf8000e          0x2 build/default/debug/main.o

.config_ALTI2C    0xf8000c          0x2
 .config_ALTI2C
                  0xf8000c          0x2 build/default/debug/main.o

.config_FWDTEN    0xf8000a          0x2
 .config_FWDTEN
                  0xf8000a          0x2 build/default/debug/main.o

.config_FCKSM     0xf80008          0x2
 .config_FCKSM    0xf80008          0x2 build/default/debug/main.o

.config_IESO      0xf80006          0x2
 .config_IESO     0xf80006          0x2 build/default/debug/main.o

.ivt._T2Interrupt
                  0x000022          0x2
 .ivt._T2Interrupt
                  0x000022          0x2 build/default/debug/pwm.o

.ivt._U1TXInterrupt
                  0x00002c          0x2
 .ivt._U1TXInterrupt
                  0x00002c          0x2 build/default/debug/uart.o

.ivt._U1RXInterrupt
                  0x00002a          0x2
 .ivt._U1RXInterrupt
                  0x00002a          0x2 build/default/debug/uart.o

.ivt._U1ErrInterrupt
                  0x000096          0x2
 .ivt._U1ErrInterrupt
                  0x000096          0x2 build/default/debug/uart.o

.const              0x9bde         0xec load address 0x001bde  
 .const             0x9bde         0xd2 build/default/debug/serial_interface.o
                    0x9bde                  _duty_cycle_factor
 .const             0x9cb0         0x14 build/default/debug/humidity_controller.o
                    0x9cb0                  _number_of_datapoints
 .const             0x9cc4          0x6 build/default/debug/main.o

.text             0x001cca        0x894
 .text            0x001cca        0x238 build/default/debug/sht1x.o
                  0x001cca                  _configure_sht
                  0x001cd8                  _DATA_read
                  0x001ce0                  _DATA_write
                  0x001ce8                  _sht_reset
                  0x001d08                  _sht_soft_reset
                  0x001d14                  _sht_start
                  0x001d2a                  _sht_read_byte
                  0x001d76                  _sht_write_byte
                  0x001dd8                  _sht_wait_for_measurement
                  0x001e1c                  _read_data_raw
                  0x001e50                  _sht_read_temp
                  0x001e90                  _sht_read_humidity
 .text            0x001f02        0x228 build/default/debug/serial_interface.o
                  0x001f02                  _configure_serial_interface
                  0x001f12                  _process_rx_data
                  0x001f5c                  _transmit_callback
                  0x001f68                  _process_command
                  0x002042                  _process_data
                  0x0020a0                  _print_response
 .text            0x00212a        0x1cc build/default/debug/humidity_controller.o
                  0x00212a                  _set_pid_gains
                  0x002150                  _run_loop
                  0x002214                  _compute_on_time
                  0x002274                  _sum_humidity_error
                  0x0022ba                  _sum
 .text            0x0022f6        0x16a build/default/debug/data_logger.o
                  0x0022f6                  _log_entry
                  0x002340                  _get_latest_entry
                  0x002394                  _get_n_latest_entries
 .text            0x002460         0xfe build/default/debug/main.o
                  0x002460                  _main

.dinit            0x00255e         0xf4
 .dinit           0x00255e         0xf4 data_init

.text             0x002652         0x4a
 .text            0x002652         0x26 build/default/debug/fogger.o
                  0x002652                  _configure_fogger
                  0x002660                  _start_fogger
                  0x00266c                  _stop_fogger
 .text            0x002678         0x24 build/default/debug/helper.o
                  0x002678                  _unlock_pps
                  0x00268a                  _lock_pps

.init.delay32     0x00269c         0x1c
 .init.delay32    0x00269c         0x1c /Applications/microchip/xc16/v1.31/bin/bin/../../lib/liblega-pic30-elf.a(delay32.Leo)
                  0x00269c                  ___delay32
